{
    "clns": {
        "content": [
            [
                [
                    {
                        "id": "TCR_cat"
                    },
                    "TCR_cat.clns:md5,51df18d9a7af225237996eb4e5a12453"
                ]
            ]
        ],
        "timestamp": "2024-01-19T22:53:00.19639"
    },
    "qc_txt": {
        "content": [
            [
                [
                    {
                        "id": "TCR_cat"
                    },
                    "TCR_cat.qc.txt:md5,ad6c525b66ff49fb038c3af03ca033ba"
                ]
            ]
        ],
        "timestamp": "2024-01-19T22:53:00.553265"
    },
    "clones_TRB_tsv": {
        "content": [
            [
                [
                    {
                        "id": "TCR_cat"
                    },
                    "TCR_cat.clones_TRB.tsv:md5,cd23934a15f41111c0e1bd580bfbed4d"
                ]
            ]
        ],
        "timestamp": "2024-01-19T22:53:00.296818"
    },
    "versions": {
        "content": [
            [
                "versions.yml:md5,e803181bdeacebae68ee9a0c5d40ae5f"
            ]
        ],
        "timestamp": "2024-01-19T22:53:01.820397"
    },
    "refined_vdjca": {
        "content": [
            [
                [
                    {
                        "id": "TCR_cat"
                    },
                    "TCR_cat.refined.vdjca:md5,56924a5acbc384af0bdf4a224dc749c8"
                ]
            ]
        ],
        "timestamp": "2024-01-19T22:53:00.69885"
    },
    "vdjca": {
        "content": [
            [
                [
                    {
                        "id": "TCR_cat"
                    },
                    "TCR_cat_non_refined.vdjca:md5,79ec9f9d0e8ec7154c30f1e5638eb5ae"
                ]
            ]
        ],
        "timestamp": "2024-01-19T22:53:01.369715"
    },
    "qc_json": {
        "content": [
            [
                [
                    {
                        "id": "TCR_cat"
                    },
                    "TCR_cat.qc.json:md5,429f9adc170ee40d1de86cb15d122a0f"
                ]
            ]
        ],
        "timestamp": "2024-01-19T22:53:00.42199"
    },
    "align_report_json": {
        "content": [
            [
                [
                    {
                        "id": "TCR_cat"
                    },
                    "TCR_cat.align.report.json:md5,de0fe5e181784dfe4b9fe6ca6e3d4e3c"
                ]
            ]
        ],
        "timestamp": "2024-01-19T22:52:59.976085"
    },
    "assemble_report_json": {
        "content": [
            [
                [
                    {
                        "id": "TCR_cat"
                    },
                    "TCR_cat.assemble.report.json:md5,67ab3fa3f67f250fe8ff4425b22d73f9"
                ]
            ]
        ],
        "timestamp": "2024-01-19T22:53:00.118448"
    },
    "refine_report_json": {
        "content": [
            [
                [
                    {
                        "id": "TCR_cat"
                    },
                    "TCR_cat.refine.report.json:md5,8d87a511de01ed5d06ca8c679b7c774b"
                ]
            ]
        ],
        "timestamp": "2024-01-19T22:53:01.096971"
    }
}