{
    "MIXCR_EXPORTQC_ALIGN Compute align QC": {
        "content": [
            {
                "0": [
                    "TCR_cats_exportQC_align.pdf:md5,3e57c19a773d8d63b8a16edb44c8f6d9"
                ],
                "1": [
                    "TCR_cats_exportQC_align.png:md5,9579953b2e36b1900bd410448cb627aa"
                ],
                "2": [
                    "versions.yml:md5,870f4bf97a0db96b27903f14a04d0976"
                ],
                "qc_align_pdf": [
                    "TCR_cats_exportQC_align.pdf:md5,3e57c19a773d8d63b8a16edb44c8f6d9"
                ],
                "qc_align_png": [
                    "TCR_cats_exportQC_align.png:md5,9579953b2e36b1900bd410448cb627aa"
                ],
                "versions": [
                    "versions.yml:md5,870f4bf97a0db96b27903f14a04d0976"
                ]
            }
        ],
        "timestamp": "2024-01-22T14:56:59.528979"
    }
}