{
    "MIXCR_EXPORTREPORTS Compute and export reports": {
        "content": [
            {
                "0": [
                    "[id:TCR_cat].report.json:md5,f8c54b166605a984bb9902ed7380f928"
                ],
                "1": [
                    "[id:TCR_cat].report.txt:md5,01e156da28e7d11b821e520e8dc32359"
                ],
                "2": [
                    "versions.yml:md5,73d3c14d87591f484cdc03d1a32ccc17"
                ],
                "exportReports_json": [
                    "[id:TCR_cat].report.json:md5,f8c54b166605a984bb9902ed7380f928"
                ],
                "exportReports_txt": [
                    "[id:TCR_cat].report.txt:md5,01e156da28e7d11b821e520e8dc32359"
                ],
                "versions": [
                    "versions.yml:md5,73d3c14d87591f484cdc03d1a32ccc17"
                ]
            }
        ],
        "timestamp": "2024-01-22T14:51:26.154291"
    }
}