{
    "MIXCR_EXPORTQC_CHAINUSAGE Compute chainusage QC": {
        "content": [
            {
                "0": [
                    "TCR_cats_exportQC_chainUsage.pdf:md5,09a39fe51a341845b9065fb43ab002cd"
                ],
                "1": [
                    "TCR_cats_exportQC_chainUsage.png:md5,99e4ad5ac697cf96ed4449b14fccd71b"
                ],
                "2": [
                    "versions.yml:md5,286ad196fbf69a87a1e99a2a55f65f89"
                ],
                "qc_chainusage_pdf": [
                    "TCR_cats_exportQC_chainUsage.pdf:md5,09a39fe51a341845b9065fb43ab002cd"
                ],
                "qc_chainusage_png": [
                    "TCR_cats_exportQC_chainUsage.png:md5,99e4ad5ac697cf96ed4449b14fccd71b"
                ],
                "versions": [
                    "versions.yml:md5,286ad196fbf69a87a1e99a2a55f65f89"
                ]
            }
        ],
        "timestamp": "2024-01-22T12:04:19.440227"
    }
}